// Jest Snapshot v1, https://goo.gl/fbAQLP

exports[`Header tests should match snapshot Header 1`] = `
<div>
  <header
    class="sc-bczRLJ eJfard"
  >
    <div
      class="sc-gsnTZi hpkuKe"
    >
      <button
        class="mantine-ActionIcon-hover mantine-ActionIcon-root mantine-t0y1bq"
        data-testid="btn-nav-menu"
        title="MenÃº"
        type="button"
      >
        <svg
          class="icon icon-tabler icon-tabler-menu-2"
          fill="none"
          height="18"
          stroke="currentColor"
          stroke-linecap="round"
          stroke-linejoin="round"
          stroke-width="2"
          viewBox="0 0 24 24"
          width="18"
          xmlns="http://www.w3.org/2000/svg"
        >
          <path
            d="M0 0h24v24H0z"
            fill="none"
            stroke="none"
          />
          <line
            x1="4"
            x2="20"
            y1="6"
            y2="6"
          />
          <line
            x1="4"
            x2="20"
            y1="12"
            y2="12"
          />
          <line
            x1="4"
            x2="20"
            y1="18"
            y2="18"
          />
        </svg>
      </button>
      <img
        alt="Logo"
        src="/assets/192.png"
      />
    </div>
    <div
      class="sc-gsnTZi hpkuKe"
    >
      <a
        href="/login"
        id="header-login-link"
      >
        <button
          class="mantine-Button-filled mantine-Button-root mantine-1grzg0q"
          type="button"
        >
          <div
            class="mantine-3xbgk5 mantine-Button-inner"
          >
            <span
              class="mantine-qo1k2 mantine-Button-label"
            >
              Ingresar
            </span>
          </div>
        </button>
      </a>
    </div>
  </header>
  <nav
    class="sc-dkzDqf JmMFC"
    data-testid="nav-menu"
  >
    <button
      class="sc-eCYdqJ kgffIQ"
    >
      X
    </button>
    <ul
      class="sc-hKMtZM jUMTUe"
    >
      <li>
        <a
          data-testid="link-to-landing"
          href="/"
        >
          Inicio
        </a>
      </li>
      <li>
        <a
          data-testid="link-to-about"
          href="/about"
        >
          Acerca de la app
        </a>
      </li>
    </ul>
  </nav>
</div>
`;

exports[`Header tests should match style 1`] = `
<div>
  <header
    class="sc-bczRLJ eJfard"
  >
    Ceiba
  </header>
</div>
`;
