// Jest Snapshot v1, https://goo.gl/fbAQLP

exports[`AboutPage tests should match snapshot AboutPage 1`] = `
<div>
  <section
    class="sc-bczRLJ dYjPoo"
  >
    <img
      alt="logo of vetapp"
      src="/assets/image.png"
    />
    <div>
      <h2>
        Sobre Vet App
      </h2>
      <p>
        VetApp es una aplicación desarrollada como proceso de inducción para la empresa Ceiba Software.
      </p>
      <p>
        VetApp está diseñado para permitir el agendamiento de citas médicas veterinarias mostrando su precio en tiempo real dependiendo del tipo de mascota a valorar.
      </p>
      <a
        href="/"
      >
        <button
          class="mantine-Button-filled mantine-Button-root mantine-1grzg0q"
          type="button"
        >
          <div
            class="mantine-3xbgk5 mantine-Button-inner"
          >
            <span
              class="mantine-qo1k2 mantine-Button-label"
            >
              Agendar cita
            </span>
          </div>
        </button>
      </a>
    </div>
  </section>
</div>
`;

exports[`AboutPage tests should match style 1`] = `
<div>
  <section
    class="sc-bczRLJ dYjPoo"
  >
    Ceiba
  </section>
</div>
`;
