// Jest Snapshot v1, https://goo.gl/fbAQLP

exports[`Footer tests should match style 1`] = `
<div>
  <header
    class="sc-bczRLJ fQzRHj"
  >
    Ceiba
  </header>
</div>
`;
