// Jest Snapshot v1, https://goo.gl/fbAQLP

exports[`CustomTable tests should match style 1`] = `
<div>
  <div
    class="sc-bczRLJ LwpKF"
  >
    Table
  </div>
</div>
`;
