// Jest Snapshot v1, https://goo.gl/fbAQLP

exports[`CustomForm tests should match snapshot 1`] = `
<div>
  <form />
</div>
`;
